IU [N,O,H,E,A,T,H,E,O,E,T,A,I,T,T,E,N,I,E,T,A,O,R,R,N,I,I,E,R,N,S,A,E,N,A,R,T,S,E,R,N,A,T,O,E,N,A,T,O,E,N,A,H,O,E,R,N,T,O,A,E,N,E,S,R,O,O,O,O,O,O,O,R,N,T,O,E,R,N,I,N,E,N,A,H,A,E,N,A,T,O,E,R,N,A,A,A,E,N,A,T,S,E,N,A,O,H,E,R,O,O,O,O,O,O,O,R] 117
fromList []
