fromList []
IU [Liter 32,Liter 44,Liter 111,Liter 108,Liter 108,Liter 101,Liter 72,OutputChar,OutputChar,OutputChar,OutputChar,OutputChar,OutputChar,OutputChar,Liter 10,Liter 33,Liter 100,Liter 108,Liter 114,Liter 111,Liter 119,OutputChar,OutputChar,OutputChar,OutputChar,OutputChar,OutputChar,OutputChar,End] 29 (IS [])
