parser error: "<console>" (line 2, column 16):
unexpected "3"
expecting ":" or ";"
