fromList []
IU [Liter 0,Liter 69,Store,Liter 1,Liter 110,Store,Liter 2,Liter 116,Store,Liter 3,Liter 101,Store,Liter 4,Liter 114,Store,Liter 5,Liter 32,Store,Liter 6,Liter 115,Store,Liter 7,Liter 111,Store,Liter 8,Liter 109,Store,Liter 9,Liter 101,Store,Liter 10,Liter 32,Store,Liter 11,Liter 110,Store,Liter 12,Liter 117,Store,Liter 13,Liter 109,Store,Liter 14,Liter 98,Store,Liter 15,Liter 101,Store,Liter 16,Liter 114,Store,Liter 17,Liter 115,Store,Liter 18,Liter 44,Store,Liter 19,Liter 32,Store,Liter 20,Liter 116,Store,Liter 21,Liter 104,Store,Liter 22,Liter 101,Store,Liter 23,Liter 110,Store,Liter 24,Liter 32,Store,Liter 25,Liter 45,Store,Liter 26,Liter 49,Store,Liter 27,Liter 32,Store,Liter 28,Liter 116,Store,Liter 29,Liter 111,Store,Liter 30,Liter 32,Store,Liter 31,Liter 102,Store,Liter 32,Liter 105,Store,Liter 33,Liter 110,Store,Liter 34,Liter 105,Store,Liter 35,Liter 115,Store,Liter 36,Liter 104,Store,Liter 37,Liter 0,Store,Liter 42,Liter 78,Store,Liter 43,Liter 117,Store,Liter 44,Liter 109,Store,Liter 45,Liter 98,Store,Liter 46,Liter 101,Store,Liter 47,Liter 114,Store,Liter 48,Liter 58,Store,Liter 49,Liter 0,Store,Liter 60,Liter 84,Store,Liter 61,Liter 111,Store,Liter 62,Liter 116,Store,Liter 63,Liter 97,Store,Liter 64,Liter 108,Store,Liter 65,Liter 32,Store,Liter 66,Liter 105,Store,Liter 67,Liter 115,Store,Liter 68,Liter 32,Store,Liter 69,Liter 0,Store,Liter 0,Call "0111011101110010011010010111010001100101",Call "01101110011001010111011101101100011010010110111001100101",Liter 100,Liter 0,Store,Mark "01101100011011110110111101110000",Liter 42,Call "0111011101110010011010010111010001100101",Liter 101,InputNum,Liter 101,Load,Dup,Liter (-1),Binary Sub,Branch EZ "01110000011100100110111101100111011001010110111001100100",Liter 100,Load,Binary Add,Liter 100,Swap,Store,Jump "01101100011011110110111101110000",Mark "01110000011100100110111101100111011001010110111001100100",Discard,Liter 60,Call "0111011101110010011010010111010001100101",Liter 100,Load,OutputNum,Call "01101110011001010111011101101100011010010110111001100101",End,Mark "011000010110010001100100",Binary Add,Return,Mark "0111011101110010011010010111010001100101",Dup,Load,Dup,Branch EZ "011101110111001001101001011101000110010101011111011001010110111001100100",OutputChar,Liter 1,Binary Add,Jump "0111011101110010011010010111010001100101",Mark "011101110111001001101001011101000110010101011111011001010110111001100100",Discard,Discard,Return,Mark "01110010011001010110000101100100",Dup,Dup,InputChar,Load,Dup,Liter 10,Binary Sub,Branch EZ "0111001001100101011000010110010001011111011001010110111001100100",Discard,Liter 1,Binary Add,Jump "01110010011001010110000101100100",Mark "0111001001100101011000010110010001011111011001010110111001100100",Discard,Liter 1,Binary Add,Liter 0,Store,Return,Mark "01101110011001010111011101101100011010010110111001100101",Liter 10,Liter 13,OutputChar,OutputChar,Return] 201 (IS [])
