fromList []
IU [Liter 0,Liter 69,Store,Liter 1,Liter 110,Store,Liter 2,Liter 116,Store,Liter 3,Liter 101,Store,Liter 4,Liter 114,Store,Liter 5,Liter 32,Store,Liter 6,Liter 97,Store,Liter 7,Liter 32,Store,Liter 8,Liter 110,Store,Liter 9,Liter 117,Store,Liter 10,Liter 109,Store,Liter 11,Liter 98,Store,Liter 12,Liter 101,Store,Liter 13,Liter 114,Store,Liter 14,Liter 58,Store,Liter 15,Liter 32,Store,Liter 16,Liter 0,Store,Liter 20,Liter 33,Store,Liter 21,Liter 32,Store,Liter 22,Liter 61,Store,Liter 23,Liter 32,Store,Liter 24,Liter 0,Store,Liter 0,Call "0111011101110010011010010111010001100101",Liter 100,InputNum,Liter 100,Load,Call "01100110011000010110001101110100",Liter 100,Load,OutputNum,Liter 20,Call "0111011101110010011010010111010001100101",OutputNum,Call "01101110011001010111011101101100011010010110111001100101",End,Mark "01100110011000010110001101110100",Dup,Liter 1,Binary Sub,Branch EZ "0110011001100001011000110111010001100010011000010111001101100101",Dup,Liter 1,Binary Sub,Call "01100110011000010110001101110100",Binary Mul,Return,Mark "0110011001100001011000110111010001100010011000010111001101100101",Liter 1,Discard,Return,Mark "011000010110010001100100",Binary Add,Return,Mark "0111011101110010011010010111010001100101",Dup,Load,Dup,Branch EZ "011101110111001001101001011101000110010101011111011001010110111001100100",OutputChar,Liter 1,Binary Add,Jump "0111011101110010011010010111010001100101",Mark "011101110111001001101001011101000110010101011111011001010110111001100100",Discard,Discard,Return,Mark "01110010011001010110000101100100",Dup,Dup,InputChar,Load,Dup,Liter 10,Binary Sub,Branch EZ "0111001001100101011000010110010001011111011001010110111001100100",Discard,Liter 1,Binary Add,Jump "01110010011001010110000101100100",Mark "0111001001100101011000010110010001011111011001010110111001100100",Discard,Liter 1,Binary Add,Liter 0,Store,Return,Mark "01101110011001010111011101101100011010010110111001100101",Liter 10,Liter 13,OutputChar,OutputChar,Return] 81 (IS [])
