fromList []
IU [Call "A",End,Mark "A",Return] 2 (IS [])
