IU [N,T,E,N,I,O,E,T,R,N,T,E,H,R,N,E,H,R,A,N,E,N,T,E,S,S,T,R,S,N,T,E,N,T,E,H,T,R,O,R,N,T,E,N,A,E,T,R,N,E,N,A,E,H,R,N,E,H,A,N,E,N,T,E,S,S,T,R,N,S,S,E,O,T,N,T,E,N,T,E,H,T,R,N,E,H,R,A,N,E,N,T,E,S,S,T,R,S,N,T,E,N,A,I,E,T,R,N,T,O,E,E,R,N,E,N,S,S,E,S,S,R,N,T,E,H,R,N,T,E,N,T,I,E,T,R,A,N,T,E,N,A,E,T,R,N,T,E,N,T,E,H,T,R,R,N,T,E,H,R,A,N,T,E,N,T,T,E,T,R,N,E,N,A,A,A,E,N,A,H,O,E,N,A,H,O,E,N,A,H,H,E,N,I,I,E,N,A,H,I,E,N,A,T,S,E,N,I,I,E,N,A,A,O,E,N,A,H,O,E,N,A,T,O,E,N,A,A,I,E,N,A,A,I,E,N,A,T,S,E,N,A,H,H,E,N,I,I,E,R,A,N,T,E,N,A,E,T,R,N,T,E,N,T,E,H,T,R,N,T,E,H,R,A,N,T,E,N,O,H,E,T,R,N,E,N,A,T,O,E,N,A,T,O,E,N,T,S,S,E,N,A,O,H,E,N,I,I,E,N,A,H,O,E,N,A,H,S,E,N,A,A,I,E,N,I,I,E,N,A,T,N,E,N,A,T,S,E,N,I,I,E,R,A,N,T,E,N,A,E,T,R,N,T,E,N,T,E,H,T,R,N,O,E,R,N,E,H,A,N,T,E,N,O,N,E,T,R,N,S,A,E,O,N,I,I,E,O,R,N,E,H,A,N,T,E,N,O,H,E,T,R,N,T,O,E,O,R,N,E,N,T,O,E,N,A,H,A,E,N,A,T,N,E,N,A,A,N,E,N,A,T,S,E,N,A,A,A,E,N,T,S,S,E,N,I,I,E,N,A,A,I,E,N,A,T,H,E,N,I,I,E,N,A,A,O,E,N,A,A,O,E,N,T,S,S,E,N,A,A,H,E,N,I,I,E,N,S,A,E,N,A,T,N,E,N,A,O,H,E,N,A,T,S,E,N,A,H,A,E,N,I,I,E,N,A,H,O,E,N,A,T,N,E,N,A,T,S,E,N,I,I,E,N,A,H,O,E,N,A,T,A,E,N,T,S,S,E,N,T,N,H,E,R,A,N,T,E,N,A,E,T,R,N,T,E,S,R,N,E,H,A,N,T,E,N,O,N,E,T,R,N,T,O,E,N,T,O,E,O,O,R,N,E,H,N,I,I,E,T,R,N,E,T,R] 605
fromList []
