IU [I,R,N,E,H,N,I,I,E,S,R,A,N,E,N,T,E,S,S,T,R,N,E,N,T,E,T,N,T,E,T,R,N,E,N,T,E,H,R,N,S,S,E,N,I,I,E,S,R,N,T,E,H,R,N,T,O,E,A,N,T,E,N,A,N,E,T,R,N,E,N,T,E,H,R,S,S,R,I,R,N,E,H,N,I,I,E,S,N,A,H,E,T,R,N,T,E,N,A,O,E,T,R,N,E,H,N,T,O,E,S,N,A,A,E,T,R,N,T,E,N,A,O,E,T,R,N,E,H,N,E,N,T,E,S,S,N,S,E,T,R,N,E,N,T,E,H,T,R,N,T,E,N,A,E,H,T,R,N,A,E,H,N,A,E,H,R,N,E,R,N,A,E,H,R,N,A,E,H,R,N,E,H,R,A,N,E,N,T,E,S,S,T,R,N,T,E,N,I,N,E,T,R,N,T,E,S,R,N,A,E,H,R,N,E,N,E,N,O,E,S,H,R,S,S,R,N,A,E,H,R,N,A,E,H,R,N,T,E,N,O,A,E,T,R,N,T,E,H,T,R,N,T,E,N,A,E,H,T,R] 157
fromList [0,1,506]
