fromList []
IU [Mark "0111001101110100",Liter 0,Liter 93,Liter 48,Liter 48,Liter 49,Liter 45,Liter 50,Liter 91,Liter 32,Liter 115,Liter 114,Liter 101,Liter 98,Liter 109,Liter 117,Liter 110,Liter 32,Liter 109,Liter 105,Liter 114,Liter 112,Call "0111000001110010011010010110111001110100011100110110110001101110",Liter 0,Mark "011001100101111101110011011101000110000101110010011101000101111100110001",Dup,Liter 100,Binary Sub,Branch EZ "011001100101111101100110011010010110111001101001011100110110100001100101011001000101111100110001",Dup,Liter 100,Binary Add,Liter 1,Store,Liter 1,Binary Add,Jump "011001100101111101110011011101000110000101110010011101000101111100110001",Mark "011001100101111101100110011010010110111001101001011100110110100001100101011001000101111100110001",Discard,Liter 2,Mark "011001100101111101110011011101000110000101110010011101000101111100110010",Dup,Liter 11,Binary Sub,Branch EZ "011001100101111101100110011010010110111001101001011100110110100001100101011001000101111100110010",Liter 2,Mark "011001100101111101110011011101000110000101110010011101000101111100110011",Dup,Liter 100,Binary Sub,Branch EZ "011001100101111101100110011010010110111001101001011100110110100001100101011001000101111100110011",Dup,Liter 1,Swap,Store,Swap,Dup,Liter 2,Swap,Store,Swap,Liter 1,Load,Liter 2,Load,Binary Mul,Liter 100,Binary Add,Liter 0,Store,Liter 1,Binary Add,Jump "011001100101111101110011011101000110000101110010011101000101111100110011",Mark "011001100101111101100110011010010110111001101001011100110110100001100101011001000101111100110011",Discard,Liter 1,Binary Add,Jump "011001100101111101110011011101000110000101110010011101000101111100110010",Mark "011001100101111101100110011010010110111001101001011100110110100001100101011001000101111100110010",Discard,Liter 2,Mark "011001100101111101110011011101000110000101110010011101000101111100110100",Dup,Liter 100,Binary Sub,Branch EZ "011001100101111101100110011010010110111001101001011100110110100001100101011001000101111100110100",Dup,Liter 100,Binary Add,Load,Branch EZ "011011100110111101100100011100100110000101110111",Dup,OutputNum,Liter 0,Liter 32,Call "011100000111001001101001011011100111010001110011",Mark "011011100110111101100100011100100110000101110111",Liter 1,Binary Add,Jump "011001100101111101110011011101000110000101110010011101000101111100110100",Mark "011001100101111101100110011010010110111001101001011100110110100001100101011001000101111100110100",Discard,Liter 0,Call "0111000001110010011010010110111001110100011100110110110001101110",End,Mark "011100000111001001101001011011100111010001110011",Dup,Branch EZ "01110000011100100110100101101110011101000111001101011111011001010110111001100100",OutputChar,Jump "011100000111001001101001011011100111010001110011",Mark "01110000011100100110100101101110011101000111001101011111011001010110111001100100",Discard,Return,Mark "0111000001110010011010010110111001110100011100110110110001101110",Call "011100000111001001101001011011100111010001110011",Liter 10,OutputChar,Return] 105 (IS [])
