fromList []
IU [Liter 1,Mark "01000011",Dup,OutputNum,Liter 10,OutputChar,Liter 1,Binary Add,Dup,Liter 11,Binary Sub,Branch EZ "01000101",Jump "01000011",Mark "01000101",Discard,End,Mark "011000010110010001100100",Binary Add,Return,Mark "0111011101110010011010010111010001100101",Dup,Load,Dup,Branch EZ "011101110111001001101001011101000110010101011111011001010110111001100100",OutputChar,Liter 1,Binary Add,Jump "0111011101110010011010010111010001100101",Mark "011101110111001001101001011101000110010101011111011001010110111001100100",Discard,Discard,Return,Mark "01110010011001010110000101100100",Dup,Dup,InputChar,Load,Dup,Liter 10,Binary Sub,Branch EZ "0111001001100101011000010110010001011111011001010110111001100100",Discard,Liter 1,Binary Add,Jump "01110010011001010110000101100100",Mark "0111001001100101011000010110010001011111011001010110111001100100",Discard,Liter 1,Binary Add,Liter 0,Store,Return,Mark "01101110011001010111011101101100011010010110111001100101",Liter 10,Liter 13,OutputChar,OutputChar,Return] 16 (IS [])
