fromList []
IU [Liter 0,Liter 80,Store,Liter 1,Liter 108,Store,Liter 2,Liter 101,Store,Liter 3,Liter 97,Store,Liter 4,Liter 115,Store,Liter 5,Liter 101,Store,Liter 6,Liter 32,Store,Liter 7,Liter 101,Store,Liter 8,Liter 110,Store,Liter 9,Liter 116,Store,Liter 10,Liter 101,Store,Liter 11,Liter 114,Store,Liter 12,Liter 32,Store,Liter 13,Liter 121,Store,Liter 14,Liter 111,Store,Liter 15,Liter 117,Store,Liter 16,Liter 114,Store,Liter 17,Liter 32,Store,Liter 18,Liter 110,Store,Liter 19,Liter 97,Store,Liter 20,Liter 109,Store,Liter 21,Liter 101,Store,Liter 22,Liter 58,Store,Liter 23,Liter 32,Store,Liter 24,Liter 0,Store,Liter 30,Liter 72,Store,Liter 31,Liter 101,Store,Liter 32,Liter 108,Store,Liter 33,Liter 108,Store,Liter 34,Liter 111,Store,Liter 35,Liter 32,Store,Liter 36,Liter 0,Store,Liter 0,Call "0111011101110010011010010111010001100101",Liter 100,Call "01110010011001010110000101100100",Liter 30,Call "0111011101110010011010010111010001100101",Liter 100,Call "0111011101110010011010010111010001100101",Call "01101110011001010111011101101100011010010110111001100101",End,Mark "011000010110010001100100",Binary Add,Return,Mark "0111011101110010011010010111010001100101",Dup,Load,Dup,Branch EZ "011101110111001001101001011101000110010101011111011001010110111001100100",OutputChar,Liter 1,Binary Add,Jump "0111011101110010011010010111010001100101",Mark "011101110111001001101001011101000110010101011111011001010110111001100100",Discard,Discard,Return,Mark "01110010011001010110000101100100",Dup,Dup,InputChar,Load,Dup,Liter 10,Binary Sub,Branch EZ "0111001001100101011000010110010001011111011001010110111001100100",Discard,Liter 1,Binary Add,Jump "01110010011001010110000101100100",Mark "0111001001100101011000010110010001011111011001010110111001100100",Discard,Liter 1,Binary Add,Liter 0,Store,Return,Mark "01101110011001010111011101101100011010010110111001100101",Liter 10,Liter 13,OutputChar,OutputChar,Return] 106 (IS [])
